Microsoft (R) Macro Assembler Version 5.10                  12/17/13 29:12:0
                                                             Page     1-1


       1				;С0Т Ц вывод пунктов меню с номерами 0.
					.8
       2				
       3				PUBLIC	PR_Out10
       4				EXTRN	PR_NewLine:NEAR
       5				
       6				
       7				
       8				
       9 0000				Code	SEGMENT	PUBLIC
      10					ASSUME CS:Code
      11				;--------------------------------------
					---------------------------------------
					---------
      12				;ѕечатает переменную, переданную через 
					стек, как дес€тичное число без знака (1
					5 как 15, -15 как 65521)
      13				;--------------------------------------
					---------------------------------------
					---------
      14 0000				PR_Out10	PROC	NEAR
      15 0000  55				PUSH	BP		;переда
					ем параметр
      16 0001  8B EC				MOV		BP,SP
      17 0003  50				PUSH	AX		;исполь
					зуем дл€ делени€
      18 0004  52				PUSH	DX
      19 0005  53				PUSH	BX
      20					
      21 0006  8B 46 04				MOV		AX,[BP+4]
						;получаем в ј’ число, которое н
					адо распечатать
      22 0009  BB 000A				MOV		BX,10	
						;делить будем на дес€ть; BX цел
					иком чтобы возникало деление двойного с
					лова (и не возникало переполнени€)
      23					
      24					;а теперь, алгоритм следующий: 
					предположим в ј’ лежит дес€тичное 123, 
					тогда вначале мы выделим место под это 
					число,
      25					;то есть > ___ , а потом будем 
					печатать со сдвигом влево: > __3 , > _2
					3 , > 123
      26 000C  50				PUSH	AX	;сохраним ј’, п
					отому что нам его два раза печатать
      27				
      28 000D					LO10_Div1:
      29 000D  BA 0000					MOV		DX,0
      30 0010  F7 F3					DIV		BX
      31 0012  50					PUSH	AX	
							;сохраним значение AX (
					цела€ часть)
      32 0013  B4 02						MOV	
Microsoft (R) Macro Assembler Version 5.10                  12/17/13 29:12:0
                                                             Page     1-2


						AH,2	;печатаем пропуск
      33 0015  B2 61						MOV	
						DL,'a'
      34 0017  CD 21						INT	
						21h
      35 0019  58					POP		AX
							
      36 001A  3D 0000					CMP		AX,0
      37 001D  75 EE				JNE		LO10_Div1
      38					
      39 001F  B4 02				MOV	AH,2
      40 0021  B2 08				MOV DL,8	;делаем один от
					кат назад
      41 0023  CD 21				INT 21h
      42					
      43 0025  58				POP		AX
      44 0026					LO10_Div2:
      45 0026  BA 0000					MOV		DX,0
      46 0029  F7 F3					DIV		BX
      47 002B  50					PUSH	AX	
							;сохраним значение AX (
					цела€ часть)
      48 002C  B4 02						MOV	
						AH,2
      49 002E  80 C2 30						ADD	
						DL,'0'	;печатаем значение DX (
					остаток)
      50 0031  CD 21						INT	
						21h
      51 0033  B2 08						MOV	
						DL,8	;смещаемс€ назад ƒ¬ј∆ƒџ
      52 0035  CD 21						INT	
						21h
      53 0037  CD 21						INT	
						21h
      54 0039  58					POP		AX
      55 003A  3D 0000					CMP		AX,0
      56 003D  75 E7				JNE		LO10_Div2
      57					
      58					
      59 003F  5B				POP		BX
      60 0040  5A				POP		DX
      61 0041  58				POP		AX
      62 0042  5D				POP		BP
      63 0043  C3				RET
      64 0044				PR_Out10	ENDP
      65				;--------------------------------------
					---------------------------------------
					---------
      66 0044				Code	ENDS
      67				
      68				END
Microsoft (R) Macro Assembler Version 5.10                  12/17/13 29:12:0
                                                             Symbols-1


Segments and Groups:

                N a m e         	Length	 Align	Combine Class

CODE . . . . . . . . . . . . . .  	0044	PARA	PUBLIC	

Symbols:            

                N a m e         	Type	 Value	 Attr

LO10_DIV1  . . . . . . . . . . .  	L NEAR	000D	CODE
LO10_DIV2  . . . . . . . . . . .  	L NEAR	0026	CODE

PR_NEWLINE . . . . . . . . . . .  	L NEAR	0000		External
PR_OUT10 . . . . . . . . . . . .  	N PROC	0000	CODE	Global	Length = 0044

@CPU . . . . . . . . . . . . . .  	TEXT  0101h		
@FILENAME  . . . . . . . . . . .  	TEXT  _out10		
@VERSION . . . . . . . . . . . .  	TEXT  510		


     68 Source  Lines
     68 Total   Lines
     14 Symbols

  47406 + 461901 Bytes symbol space free

      0 Warning Errors
      0 Severe  Errors
