Microsoft (R) Macro Assembler Version 5.10                  12/17/13 29:12:2
                                                             Page     1-1


       1				;‘0’ – вывод пунктов меню с номерами 0.
					.8
       2				
       3				PUBLIC	PR_Out16S
       4				EXTRN	PR_NewLine:NEAR
       5				EXTRN	PR_Out16:NEAR
       6				
       7				
       8				
       9				
      10				
      11				
      12 0000				Code	SEGMENT	PUBLIC
      13					ASSUME CS:Code
      14				;--------------------------------------
					---------------------------------------
					---------
      15				;Печатает значение AX как десятичное чи
					сло со знаком (15 как 15, -15 как -15)
      16				;--------------------------------------
					---------------------------------------
					---------
      17 0000				PR_Out16S	PROC	NEAR
      18 0000  55				PUSH	BP		;переда
					ем параметр
      19 0001  8B EC				MOV		BP,SP
      20 0003  50				PUSH	AX
      21					
      22 0004  8B 46 04				MOV		AX,[BP+4]
						;получаем в AX число, которое н
					адо распечатать
      23 0007  3D 0000				CMP		AX,0
      24 000A  7D 0A				JGE		LO16S_SkipMinus
						;если число отрицательное, то н
					апишем - и передадим "перевернутое" зна
					чение в печать
      25 000C  50					PUSH	AX
      26 000D  B4 02					MOV		AH,2h
      27 000F  B2 2D					MOV		DL,'-'
      28 0011  CD 21					INT		21h
      29 0013  58					POP		AX
      30 0014  F7 D8					NEG		AX
      31 0016					LO16S_SkipMinus:
      32 0016  50				PUSH	AX
      33 0017  E8 0000 E			CALL	PR_Out16
      34 001A  83 C4 02				ADD		SP,2	;чистим
					 стек
      35					
      36 001D  58				POP		AX
      37 001E  5D				POP		BP
      38 001F  C3				RET
      39 0020				PR_Out16S	ENDP
      40				;--------------------------------------
					---------------------------------------
Microsoft (R) Macro Assembler Version 5.10                  12/17/13 29:12:2
                                                             Page     1-2


					---------
      41 0020				Code	ENDS
      42				
      43				END
Microsoft (R) Macro Assembler Version 5.10                  12/17/13 29:12:2
                                                             Symbols-1


Segments and Groups:

                N a m e         	Length	 Align	Combine Class

CODE . . . . . . . . . . . . . .  	0020	PARA	PUBLIC	

Symbols:            

                N a m e         	Type	 Value	 Attr

LO16S_SKIPMINUS  . . . . . . . .  	L NEAR	0016	CODE

PR_NEWLINE . . . . . . . . . . .  	L NEAR	0000		External
PR_OUT16 . . . . . . . . . . . .  	L NEAR	0000		External
PR_OUT16S  . . . . . . . . . . .  	N PROC	0000	CODE	Global	Length = 0020

@CPU . . . . . . . . . . . . . .  	TEXT  0101h		
@FILENAME  . . . . . . . . . . .  	TEXT  _out16s		
@VERSION . . . . . . . . . . . .  	TEXT  510		


     43 Source  Lines
     43 Total   Lines
     14 Symbols

  47406 + 463949 Bytes symbol space free

      0 Warning Errors
      0 Severe  Errors
